// Jest Snapshot v1, https://goo.gl/fbAQLP

exports[`test Home page Should match snapshot 1`] = `
<div>
  <div
    class="sc-kAyceB cLudBL"
  >
    <form
      class="sc-imWYAI CGaiv"
    >
      <label
        for="addresses"
      >
        Addresses (lat, long)
        <div
          class="sc-fqkvVR bGSaWp"
        >
          <div
            class="sc-dcJsrY hsPXea"
          >
            <input
              class="sc-iGgWBj csJhxu"
              id="latitude"
              name="latitude"
              placeholder="Latitude"
              required=""
              type="text"
              value=""
            />
          </div>
        </div>
        <div
          class="sc-fqkvVR bGSaWp"
        >
          <div
            class="sc-dcJsrY hsPXea"
          >
            <input
              class="sc-iGgWBj csJhxu"
              id="longitude"
              name="longitude"
              placeholder="Longitude"
              required=""
              type="text"
              value=""
            />
          </div>
        </div>
      </label>
      <div>
        <label
          for="react-select-2-input"
        >
          Distance Classes
        </label>
        <div
          class="sc-eqUAAy afNuV css-b62m3t-container"
          id="Distance Classes"
        >
          <span
            class="css-1f43avz-a11yText-A11yText"
            id="react-select-20-live-region"
          />
          <span
            aria-atomic="false"
            aria-live="polite"
            aria-relevant="additions text"
            class="css-1f43avz-a11yText-A11yText"
          />
          <div
            class="react-select__control css-13cymwt-control"
          >
            <div
              class="react-select__value-container react-select__value-container--is-multi css-1fdsijx-ValueContainer"
            >
              <div
                class="react-select__placeholder css-1jqq78o-placeholder"
                id="react-select-20-placeholder"
              >
                Select...
              </div>
              <div
                class="react-select__input-container css-qbdosj-Input"
                data-value=""
              >
                <input
                  aria-autocomplete="list"
                  aria-describedby="react-select-20-placeholder"
                  aria-expanded="false"
                  aria-haspopup="true"
                  aria-label="Distance Classes"
                  aria-required="true"
                  autocapitalize="none"
                  autocomplete="off"
                  autocorrect="off"
                  class="react-select__input"
                  id="react-select-20-input"
                  role="combobox"
                  spellcheck="false"
                  style="opacity: 1; width: 100%; grid-area: 1 / 2; min-width: 2px; border: 0px; margin: 0px; outline: 0; padding: 0px;"
                  tabindex="0"
                  type="text"
                  value=""
                />
              </div>
            </div>
            <div
              class="react-select__indicators css-1hb7zxy-IndicatorsContainer"
            >
              <span
                class="react-select__indicator-separator css-1u9des2-indicatorSeparator"
              />
              <div
                aria-hidden="true"
                class="react-select__indicator react-select__dropdown-indicator css-1xc3v61-indicatorContainer"
              >
                <svg
                  aria-hidden="true"
                  class="css-tj5bde-Svg"
                  focusable="false"
                  height="20"
                  viewBox="0 0 20 20"
                  width="20"
                >
                  <path
                    d="M4.516 7.548c0.436-0.446 1.043-0.481 1.576 0l3.908 3.747 3.908-3.747c0.533-0.481 1.141-0.446 1.574 0 0.436 0.445 0.408 1.197 0 1.615-0.406 0.418-4.695 4.502-4.695 4.502-0.217 0.223-0.502 0.335-0.787 0.335s-0.57-0.112-0.789-0.335c0 0-4.287-4.084-4.695-4.502s-0.436-1.17 0-1.615z"
                  />
                </svg>
              </div>
            </div>
          </div>
          <input
            aria-hidden="true"
            class="css-5kkxb2-requiredInput-RequiredInput"
            required=""
            tabindex="-1"
            value=""
          />
        </div>
      </div>
      <div>
        <label
          for="react-select-2-input"
        >
          Technology Types
        </label>
        <div
          class="sc-eqUAAy afNuV css-b62m3t-container"
          id="Technology Types"
        >
          <span
            class="css-1f43avz-a11yText-A11yText"
            id="react-select-21-live-region"
          />
          <span
            aria-atomic="false"
            aria-live="polite"
            aria-relevant="additions text"
            class="css-1f43avz-a11yText-A11yText"
          />
          <div
            class="react-select__control css-13cymwt-control"
          >
            <div
              class="react-select__value-container react-select__value-container--is-multi css-1fdsijx-ValueContainer"
            >
              <div
                class="react-select__placeholder css-1jqq78o-placeholder"
                id="react-select-21-placeholder"
              >
                Select...
              </div>
              <div
                class="react-select__input-container css-qbdosj-Input"
                data-value=""
              >
                <input
                  aria-autocomplete="list"
                  aria-describedby="react-select-21-placeholder"
                  aria-expanded="false"
                  aria-haspopup="true"
                  aria-label="Technology Types"
                  aria-required="true"
                  autocapitalize="none"
                  autocomplete="off"
                  autocorrect="off"
                  class="react-select__input"
                  id="react-select-21-input"
                  role="combobox"
                  spellcheck="false"
                  style="opacity: 1; width: 100%; grid-area: 1 / 2; min-width: 2px; border: 0px; margin: 0px; outline: 0; padding: 0px;"
                  tabindex="0"
                  type="text"
                  value=""
                />
              </div>
            </div>
            <div
              class="react-select__indicators css-1hb7zxy-IndicatorsContainer"
            >
              <span
                class="react-select__indicator-separator css-1u9des2-indicatorSeparator"
              />
              <div
                aria-hidden="true"
                class="react-select__indicator react-select__dropdown-indicator css-1xc3v61-indicatorContainer"
              >
                <svg
                  aria-hidden="true"
                  class="css-tj5bde-Svg"
                  focusable="false"
                  height="20"
                  viewBox="0 0 20 20"
                  width="20"
                >
                  <path
                    d="M4.516 7.548c0.436-0.446 1.043-0.481 1.576 0l3.908 3.747 3.908-3.747c0.533-0.481 1.141-0.446 1.574 0 0.436 0.445 0.408 1.197 0 1.615-0.406 0.418-4.695 4.502-4.695 4.502-0.217 0.223-0.502 0.335-0.787 0.335s-0.57-0.112-0.789-0.335c0 0-4.287-4.084-4.695-4.502s-0.436-1.17 0-1.615z"
                  />
                </svg>
              </div>
            </div>
          </div>
          <input
            aria-hidden="true"
            class="css-5kkxb2-requiredInput-RequiredInput"
            required=""
            tabindex="-1"
            value=""
          />
        </div>
      </div>
      <div>
        <label
          for="react-select-2-input"
        >
          Connection Types
        </label>
        <div
          class="sc-eqUAAy afNuV css-b62m3t-container"
          id="Connection Types"
        >
          <span
            class="css-1f43avz-a11yText-A11yText"
            id="react-select-22-live-region"
          />
          <span
            aria-atomic="false"
            aria-live="polite"
            aria-relevant="additions text"
            class="css-1f43avz-a11yText-A11yText"
          />
          <div
            class="react-select__control css-13cymwt-control"
          >
            <div
              class="react-select__value-container react-select__value-container--is-multi css-1fdsijx-ValueContainer"
            >
              <div
                class="react-select__placeholder css-1jqq78o-placeholder"
                id="react-select-22-placeholder"
              >
                Select...
              </div>
              <div
                class="react-select__input-container css-qbdosj-Input"
                data-value=""
              >
                <input
                  aria-autocomplete="list"
                  aria-describedby="react-select-22-placeholder"
                  aria-expanded="false"
                  aria-haspopup="true"
                  aria-label="Connection Types"
                  aria-required="true"
                  autocapitalize="none"
                  autocomplete="off"
                  autocorrect="off"
                  class="react-select__input"
                  id="react-select-22-input"
                  role="combobox"
                  spellcheck="false"
                  style="opacity: 1; width: 100%; grid-area: 1 / 2; min-width: 2px; border: 0px; margin: 0px; outline: 0; padding: 0px;"
                  tabindex="0"
                  type="text"
                  value=""
                />
              </div>
            </div>
            <div
              class="react-select__indicators css-1hb7zxy-IndicatorsContainer"
            >
              <span
                class="react-select__indicator-separator css-1u9des2-indicatorSeparator"
              />
              <div
                aria-hidden="true"
                class="react-select__indicator react-select__dropdown-indicator css-1xc3v61-indicatorContainer"
              >
                <svg
                  aria-hidden="true"
                  class="css-tj5bde-Svg"
                  focusable="false"
                  height="20"
                  viewBox="0 0 20 20"
                  width="20"
                >
                  <path
                    d="M4.516 7.548c0.436-0.446 1.043-0.481 1.576 0l3.908 3.747 3.908-3.747c0.533-0.481 1.141-0.446 1.574 0 0.436 0.445 0.408 1.197 0 1.615-0.406 0.418-4.695 4.502-4.695 4.502-0.217 0.223-0.502 0.335-0.787 0.335s-0.57-0.112-0.789-0.335c0 0-4.287-4.084-4.695-4.502s-0.436-1.17 0-1.615z"
                  />
                </svg>
              </div>
            </div>
          </div>
          <input
            aria-hidden="true"
            class="css-5kkxb2-requiredInput-RequiredInput"
            required=""
            tabindex="-1"
            value=""
          />
        </div>
      </div>
      <div>
        <label
          for="react-select-2-input"
        >
          Networks Available
        </label>
        <div
          class="sc-eqUAAy afNuV css-b62m3t-container"
          id="Networks Available"
        >
          <span
            class="css-1f43avz-a11yText-A11yText"
            id="react-select-23-live-region"
          />
          <span
            aria-atomic="false"
            aria-live="polite"
            aria-relevant="additions text"
            class="css-1f43avz-a11yText-A11yText"
          />
          <div
            class="react-select__control css-13cymwt-control"
          >
            <div
              class="react-select__value-container react-select__value-container--is-multi css-1fdsijx-ValueContainer"
            >
              <div
                class="react-select__placeholder css-1jqq78o-placeholder"
                id="react-select-23-placeholder"
              >
                Select...
              </div>
              <div
                class="react-select__input-container css-qbdosj-Input"
                data-value=""
              >
                <input
                  aria-autocomplete="list"
                  aria-describedby="react-select-23-placeholder"
                  aria-expanded="false"
                  aria-haspopup="true"
                  aria-label="Networks Available"
                  aria-required="true"
                  autocapitalize="none"
                  autocomplete="off"
                  autocorrect="off"
                  class="react-select__input"
                  id="react-select-23-input"
                  role="combobox"
                  spellcheck="false"
                  style="opacity: 1; width: 100%; grid-area: 1 / 2; min-width: 2px; border: 0px; margin: 0px; outline: 0; padding: 0px;"
                  tabindex="0"
                  type="text"
                  value=""
                />
              </div>
            </div>
            <div
              class="react-select__indicators css-1hb7zxy-IndicatorsContainer"
            >
              <span
                class="react-select__indicator-separator css-1u9des2-indicatorSeparator"
              />
              <div
                aria-hidden="true"
                class="react-select__indicator react-select__dropdown-indicator css-1xc3v61-indicatorContainer"
              >
                <svg
                  aria-hidden="true"
                  class="css-tj5bde-Svg"
                  focusable="false"
                  height="20"
                  viewBox="0 0 20 20"
                  width="20"
                >
                  <path
                    d="M4.516 7.548c0.436-0.446 1.043-0.481 1.576 0l3.908 3.747 3.908-3.747c0.533-0.481 1.141-0.446 1.574 0 0.436 0.445 0.408 1.197 0 1.615-0.406 0.418-4.695 4.502-4.695 4.502-0.217 0.223-0.502 0.335-0.787 0.335s-0.57-0.112-0.789-0.335c0 0-4.287-4.084-4.695-4.502s-0.436-1.17 0-1.615z"
                  />
                </svg>
              </div>
            </div>
          </div>
          <input
            aria-hidden="true"
            class="css-5kkxb2-requiredInput-RequiredInput"
            required=""
            tabindex="-1"
            value=""
          />
        </div>
      </div>
      <label
        for="bandWidth"
      >
        Bandwidths (Mb)
        <div
          class="sc-fqkvVR bGSaWp"
        >
          <div
            class="sc-dcJsrY hsPXea"
          >
            <input
              class="sc-iGgWBj csJhxu"
              id="download"
              name="download"
              placeholder="Download"
              required=""
              type="text"
              value=""
            />
          </div>
        </div>
        <div
          class="sc-fqkvVR bGSaWp"
        >
          <div
            class="sc-dcJsrY hsPXea"
          >
            <input
              class="sc-iGgWBj csJhxu"
              id="upload"
              name="upload"
              placeholder="Upload"
              required=""
              type="text"
              value=""
            />
          </div>
        </div>
      </label>
      <div>
        <label
          for="react-select-2-input"
        >
          Contract Terms
        </label>
        <div
          class="sc-eqUAAy afNuV css-b62m3t-container"
          id="Contract Terms"
        >
          <span
            class="css-1f43avz-a11yText-A11yText"
            id="react-select-24-live-region"
          />
          <span
            aria-atomic="false"
            aria-live="polite"
            aria-relevant="additions text"
            class="css-1f43avz-a11yText-A11yText"
          />
          <div
            class="react-select__control css-13cymwt-control"
          >
            <div
              class="react-select__value-container react-select__value-container--is-multi css-1fdsijx-ValueContainer"
            >
              <div
                class="react-select__placeholder css-1jqq78o-placeholder"
                id="react-select-24-placeholder"
              >
                Select...
              </div>
              <div
                class="react-select__input-container css-qbdosj-Input"
                data-value=""
              >
                <input
                  aria-autocomplete="list"
                  aria-describedby="react-select-24-placeholder"
                  aria-expanded="false"
                  aria-haspopup="true"
                  aria-label="Contract Terms"
                  aria-required="true"
                  autocapitalize="none"
                  autocomplete="off"
                  autocorrect="off"
                  class="react-select__input"
                  id="react-select-24-input"
                  role="combobox"
                  spellcheck="false"
                  style="opacity: 1; width: 100%; grid-area: 1 / 2; min-width: 2px; border: 0px; margin: 0px; outline: 0; padding: 0px;"
                  tabindex="0"
                  type="text"
                  value=""
                />
              </div>
            </div>
            <div
              class="react-select__indicators css-1hb7zxy-IndicatorsContainer"
            >
              <span
                class="react-select__indicator-separator css-1u9des2-indicatorSeparator"
              />
              <div
                aria-hidden="true"
                class="react-select__indicator react-select__dropdown-indicator css-1xc3v61-indicatorContainer"
              >
                <svg
                  aria-hidden="true"
                  class="css-tj5bde-Svg"
                  focusable="false"
                  height="20"
                  viewBox="0 0 20 20"
                  width="20"
                >
                  <path
                    d="M4.516 7.548c0.436-0.446 1.043-0.481 1.576 0l3.908 3.747 3.908-3.747c0.533-0.481 1.141-0.446 1.574 0 0.436 0.445 0.408 1.197 0 1.615-0.406 0.418-4.695 4.502-4.695 4.502-0.217 0.223-0.502 0.335-0.787 0.335s-0.57-0.112-0.789-0.335c0 0-4.287-4.084-4.695-4.502s-0.436-1.17 0-1.615z"
                  />
                </svg>
              </div>
            </div>
          </div>
          <input
            aria-hidden="true"
            class="css-5kkxb2-requiredInput-RequiredInput"
            required=""
            tabindex="-1"
            value=""
          />
        </div>
      </div>
      <div>
        <label
          for="react-select-2-input"
        >
          Area Codes
        </label>
        <div
          class="sc-eqUAAy afNuV css-b62m3t-container"
          id="Area Codes"
        >
          <span
            class="css-1f43avz-a11yText-A11yText"
            id="react-select-25-live-region"
          />
          <span
            aria-atomic="false"
            aria-live="polite"
            aria-relevant="additions text"
            class="css-1f43avz-a11yText-A11yText"
          />
          <div
            class="react-select__control css-13cymwt-control"
          >
            <div
              class="react-select__value-container react-select__value-container--is-multi css-1fdsijx-ValueContainer"
            >
              <div
                class="react-select__placeholder css-1jqq78o-placeholder"
                id="react-select-25-placeholder"
              >
                Select...
              </div>
              <div
                class="react-select__input-container css-qbdosj-Input"
                data-value=""
              >
                <input
                  aria-autocomplete="list"
                  aria-describedby="react-select-25-placeholder"
                  aria-expanded="false"
                  aria-haspopup="true"
                  aria-label="Area Codes"
                  aria-required="false"
                  autocapitalize="none"
                  autocomplete="off"
                  autocorrect="off"
                  class="react-select__input"
                  id="react-select-25-input"
                  role="combobox"
                  spellcheck="false"
                  style="opacity: 1; width: 100%; grid-area: 1 / 2; min-width: 2px; border: 0px; margin: 0px; outline: 0; padding: 0px;"
                  tabindex="0"
                  type="text"
                  value=""
                />
              </div>
            </div>
            <div
              class="react-select__indicators css-1hb7zxy-IndicatorsContainer"
            >
              <span
                class="react-select__indicator-separator css-1u9des2-indicatorSeparator"
              />
              <div
                aria-hidden="true"
                class="react-select__indicator react-select__dropdown-indicator css-1xc3v61-indicatorContainer"
              >
                <svg
                  aria-hidden="true"
                  class="css-tj5bde-Svg"
                  focusable="false"
                  height="20"
                  viewBox="0 0 20 20"
                  width="20"
                >
                  <path
                    d="M4.516 7.548c0.436-0.446 1.043-0.481 1.576 0l3.908 3.747 3.908-3.747c0.533-0.481 1.141-0.446 1.574 0 0.436 0.445 0.408 1.197 0 1.615-0.406 0.418-4.695 4.502-4.695 4.502-0.217 0.223-0.502 0.335-0.787 0.335s-0.57-0.112-0.789-0.335c0 0-4.287-4.084-4.695-4.502s-0.436-1.17 0-1.615z"
                  />
                </svg>
              </div>
            </div>
          </div>
        </div>
      </div>
      <div
        class="sc-aXZVg kTynDm"
      >
        <button
          class="sc-gEvEer foyIaa"
          type="submit"
        >
          Generate
        </button>
      </div>
    </form>
  </div>
</div>
`;
